// Jest Snapshot v1, https://goo.gl/fbAQLP

exports[`gulp-replaces should replace on a Buffer 1`] = `
"const env = {
  NODE_ENV: \\"development\\",
  PORT: 3000,
};
"
`;

exports[`gulp-replaces should replace on a stream 1`] = `
Object {
  "data": Array [
    99,
    111,
    110,
    115,
    116,
    32,
    101,
    110,
    118,
    32,
    61,
    32,
    123,
    10,
    32,
    32,
    78,
    79,
    68,
    69,
    95,
    69,
    78,
    86,
    58,
    32,
    34,
    100,
    101,
    118,
    101,
    108,
    111,
    112,
    109,
    101,
    110,
    116,
    34,
    44,
    10,
    32,
    32,
    80,
    79,
    82,
    84,
    58,
    32,
    51,
    48,
    48,
    48,
    44,
    10,
    125,
    59,
    10,
  ],
  "type": "Buffer",
}
`;
